npm warn exec The following package was not found and will be installed: vite@8.2.2
vite.config.js (1:309) [33m[UNRESOLVED_IMPORT] [0mCould not resolve 'vite' in vite.config.js
 - Module not found, treating it as an external dependency in vite.config.js at 309..315

vite.config.js (2:18) [33m[UNRESOLVED_IMPORT] [0mCould not resolve '@vitejs/plugin-react' in vite.config.js
   [38;5;246m╭[0m[38;5;246m─[0m[38;5;246m[[0m vite.config.js:2:19 [38;5;246m][0m
   [38;5;246m│[0m
 [38;5;246m2 │[0m [38;5;249mi[0m[38;5;249mm[0m[38;5;249mp[0m[38;5;249mo[0m[38;5;249mr[0m[38;5;249mt[0m[38;5;249m [0m[38;5;249mr[0m[38;5;249me[0m[38;5;249ma[0m[38;5;249mc[0m[38;5;249mt[0m[38;5;249m [0m[38;5;249mf[0m[38;5;249mr[0m[38;5;249mo[0m[38;5;249mm[0m[38;5;249m [0m"@vitejs/plugin-react"[38;5;249m;[0m
 [38;5;240m  │[0m                   ───────────┬──────────  
 [38;5;240m  │[0m                              ╰──────────── Module not found, treating it as an external dependency
[38;5;246m───╯[0m

failed to load config from /home/user/strawberry-hill-reserve/vite.config.js
error when starting preview server:
Error [ERR_MODULE_NOT_FOUND]: Cannot find package 'vite' imported from /home/user/strawberry-hill-reserve/vite.config.js.timestamp-1788929373245-adf7a22d58f9b.mjs
    at Object.getPackageJSONURL (node:internal/modules/package_json_reader:314:9)
    at packageResolve (node:internal/modules/esm/resolve:768:81)
    at moduleResolve (node:internal/modules/esm/resolve:855:18)
    at defaultResolve (node:internal/modules/esm/resolve:985:11)
    at #cachedDefaultResolve (node:internal/modules/esm/loader:731:20)
    at ModuleLoader.resolve (node:internal/modules/esm/loader:708:38)
    at ModuleLoader.getModuleJobForImport (node:internal/modules/esm/loader:310:38)
    at ModuleJob._link (node:internal/modules/esm/module_job:182:49) {
  code: 'ERR_MODULE_NOT_FOUND'
}
npm notice
npm notice New major version of npm available! 10.9.7 -> 12.0.2
npm notice Changelog: https://github.com/npm/cli/releases/tag/v12.0.2
npm notice To update run: npm install -g npm@12.0.2
npm notice
